(5, 0)
El vector que se ha intentado transformar estaba corrupto
(0, 8)
El vector que se ha intentado transformar estaba corrupto
(1, 2)
El vector que se ha intentado transformar estaba corrupto
(3 ,4)
El vector que se ha intentado transformar estaba corrupto
(2, 0) (0, 0)
El vector que se ha intentado transformar estaba corrupto
(0, 2) (0, 0)
El vector que se ha intentado transformar estaba corrupto
(4, 6) (-2, -2)
El vector que se ha intentado transformar estaba corrupto
(-2, -11) (-1, 4) (0, 1) (-17, 10)
